[2026-05-21 00:46:05.445] [INFO] [dev.kostromdan.mods.crash_assistant.app.CrashAssistantApp]: CrashAssistantApp running: JVM args: [-XX:+UseSerialGC, -XX:MaxHeapFreeRatio=30, -XX:MinHeapFreeRatio=10, -XX:MaxGCPauseMillis=10000, -Xms8m, -Xmx512m]
[2026-05-21 00:46:05.447] [INFO] [dev.kostromdan.mods.crash_assistant.app.CrashAssistantApp]: CrashAssistantApp running: program args: [-jarPath, local\crash_assistant\5788_1779335158947_app.jar, -parentPID, 5788, -parentStarted, 1779335158947, -platform, FORGE, -loaderJarName, fmlloader-1.20.1-47.4.0.jar, -minecraftVersion, 1.20.1, -childProcessesPIDs, VU5ERUZJTkVE, -crashAssistantModJarName, CrashAssistant-forge-1.19-1.20.1-1.10.27.jar, -classPath, local\crash_assistant\5788_1779335158947_app.jar;local\crash_assistant\5788_1779335158947_mod.jar;C:\Users\Leandro\curseforge\minecraft\Install\libraries\org\apache\logging\log4j\log4j-api\2.19.0\log4j-api-2.19.0.jar;C:\Users\Leandro\curseforge\minecraft\Install\libraries\org\apache\logging\log4j\log4j-core\2.19.0\log4j-core-2.19.0.jar;C:\Users\Leandro\curseforge\minecraft\Install\libraries\com\google\code\gson\gson\2.10\gson-2.10.jar;C:\Users\Leandro\curseforge\minecraft\Install\libraries\commons-io\commons-io\2.11.0\commons-io-2.11.0.jar;C:\Users\Leandro\curseforge\minecraft\Install\libraries\net\java\dev\jna\jna\5.12.1\jna-5.12.1.jar;C:\Users\Leandro\curseforge\minecraft\Install\libraries\net\java\dev\jna\jna-platform\5.12.1\jna-platform-5.12.1.jar, -parentXms, 256m, -parentXmx, 6144m, -systemRAM, 15.9g, -processor, QU1EIFJ5emVuIDcgNTcwMFggOC1Db3JlIFByb2Nlc3NvciAgICAgICAgICAgICA=, -serialisedGPUs, VnVsa2FuIEdQVSBkZXRlY3Rpb24gYWRkb24gbm90IGZvdW5kLCBmYWxsaW5nIGJhY2sgdG8gRGlyZWN0WApTdWNjZXNzZnVsbHkgZGV0ZWN0ZWQgR1BVcyB1c2luZyBEaXJlY3RYOgpERURJQ0FURUQgOiBBTUQgUmFkZW9uIFJYIDc2MDAKDQo=]
[2026-05-21 00:46:05.447] [INFO] [dev.kostromdan.mods.crash_assistant.app.CrashAssistantApp]: CrashAssistantApp running from: C:\Users\Leandro\curseforge\minecraft\Instances\DeceasedCraft - Urban Zombie Apocalypse
[2026-05-21 00:46:05.448] [INFO] [dev.kostromdan.mods.crash_assistant.app.CrashAssistantApp]: crashAssistantJarName: CrashAssistant-forge-1.19-1.20.1-1.10.27.jar
[2026-05-21 00:46:05.448] [INFO] [dev.kostromdan.mods.crash_assistant.app.CrashAssistantApp]: Parent PID: 5788
[2026-05-21 00:46:05.448] [INFO] [dev.kostromdan.mods.crash_assistant.app.CrashAssistantApp]: Parent started: 1779335158947
[2026-05-21 00:46:05.450] [INFO] [dev.kostromdan.mods.crash_assistant.app.CrashAssistantApp]: Platform: FORGE
[2026-05-21 00:46:05.451] [INFO] [dev.kostromdan.mods.crash_assistant.app.CrashAssistantApp]: loaderJarName: fmlloader-1.20.1-47.4.0.jar
[2026-05-21 00:46:05.453] [INFO] [dev.kostromdan.mods.crash_assistant.app.CrashAssistantApp]: minecraftVersion: 1.20.1
[2026-05-21 00:46:05.453] [INFO] [dev.kostromdan.mods.crash_assistant.app.CrashAssistantApp]: childProcessesPIDs: UNDEFINED
[2026-05-21 00:46:05.453] [INFO] [dev.kostromdan.mods.crash_assistant.app.CrashAssistantApp]: parentXms: 256m
[2026-05-21 00:46:05.454] [INFO] [dev.kostromdan.mods.crash_assistant.app.CrashAssistantApp]: parentXmx: 6144m
[2026-05-21 00:46:05.454] [INFO] [dev.kostromdan.mods.crash_assistant.app.CrashAssistantApp]: systemRAM: 15.9g
[2026-05-21 00:46:05.455] [INFO] [dev.kostromdan.mods.crash_assistant.app.CrashAssistantApp]: processor: AMD Ryzen 7 5700X 8-Core Processor             
[2026-05-21 00:46:05.455] [INFO] [dev.kostromdan.mods.crash_assistant.app.CrashAssistantApp]: Boot.serialisedGPUs:
Vulkan GPU detection addon not found, falling back to DirectX
Successfully detected GPUs using DirectX:
DEDICATED : AMD Radeon RX 7600


[2026-05-21 00:46:05.455] [INFO] [dev.kostromdan.mods.crash_assistant.app.CrashAssistantApp]: os.name: windows 11
[2026-05-21 00:46:05.458] [INFO] [dev.kostromdan.mods.crash_assistant.app.CrashAssistantApp]: Java path: C:\Users\Leandro\curseforge\minecraft\Install\java\java-runtime-gamma\bin\javaw.exe
[2026-05-21 00:46:05.458] [INFO] [dev.kostromdan.mods.crash_assistant.app.CrashAssistantApp]: Java version: 17.0.8+7
[2026-05-21 00:46:05.471] [INFO] [dev.kostromdan.mods.crash_assistant.app.CrashAssistantApp]: CrashAssistantApp started successfully. Waiting for PID 5788 to stop.
[2026-05-21 00:46:49.399] [INFO] [dev.kostromdan.mods.crash_assistant.app.CrashAssistantApp]: Minecraft is running on renderer:
AMD Radeon RX 7600
[2026-05-21 00:50:46.546] [INFO] [dev.kostromdan.mods.crash_assistant.app.CrashAssistantApp]: PID "5788" is not alive or reused by another process. Minecraft JVM appears to have stopped.
[2026-05-21 00:50:46.601] [INFO] [dev.kostromdan.mods.crash_assistant.app.CrashAssistantApp]: Adding latest.log from C:\Users\Leandro\curseforge\minecraft\Instances\DeceasedCraft - Urban Zombie Apocalypse\logs\latest.log
[2026-05-21 00:50:46.603] [INFO] [dev.kostromdan.mods.crash_assistant.app.CrashAssistantApp]: stderr_stream.log size: 1380 bytes
[2026-05-21 00:50:46.613] [INFO] [dev.kostromdan.mods.crash_assistant.app.CrashAssistantApp]: Adding KubeJS: client.log from C:\Users\Leandro\curseforge\minecraft\Instances\DeceasedCraft - Urban Zombie Apocalypse\logs\kubejs\client.log
[2026-05-21 00:50:46.615] [INFO] [dev.kostromdan.mods.crash_assistant.app.CrashAssistantApp]: Adding KubeJS: server.log from C:\Users\Leandro\curseforge\minecraft\Instances\DeceasedCraft - Urban Zombie Apocalypse\logs\kubejs\server.log
[2026-05-21 00:50:46.618] [INFO] [dev.kostromdan.mods.crash_assistant.app.CrashAssistantApp]: Adding KubeJS: startup.log from C:\Users\Leandro\curseforge\minecraft\Instances\DeceasedCraft - Urban Zombie Apocalypse\logs\kubejs\startup.log
[2026-05-21 00:50:46.623] [INFO] [dev.kostromdan.mods.crash_assistant.app.CrashAssistantApp]: Adding crash_assistant_app.log from C:\Users\Leandro\curseforge\minecraft\Instances\DeceasedCraft - Urban Zombie Apocalypse\logs\crash_assistant\crash_assistant_app.log
[2026-05-21 00:50:46.623] [INFO] [dev.kostromdan.mods.crash_assistant.app.CrashAssistantApp]: Reached first tick of TitleScreen: true
[2026-05-21 00:50:46.623] [INFO] [dev.kostromdan.mods.crash_assistant.app.CrashAssistantApp]: Joined world successfully: true
[2026-05-21 00:50:46.624] [INFO] [dev.kostromdan.mods.crash_assistant.app.CrashAssistantApp]: stop() function of Minecraft fired: true
[2026-05-21 00:50:46.624] [INFO] [dev.kostromdan.mods.crash_assistant.app.CrashAssistantApp]: close() function of Minecraft failed: false
[2026-05-21 00:50:46.624] [INFO] [dev.kostromdan.mods.crash_assistant.app.CrashAssistantApp]: emergencySave() function of Minecraft fired: false
[2026-05-21 00:50:46.629] [INFO] [dev.kostromdan.mods.crash_assistant.app.CrashAssistantApp]: isModpackCreator: false
[2026-05-21 00:50:46.631] [INFO] [dev.kostromdan.mods.crash_assistant.app.CrashAssistantApp]: isHelpLinkDefault: false
[2026-05-21 00:50:46.636] [INFO] [dev.kostromdan.mods.crash_assistant.app.CrashAssistantApp]: helpLink: https://discord.gg/GTEKejM4rm
[2026-05-21 00:50:46.637] [INFO] [dev.kostromdan.mods.crash_assistant.app.CrashAssistantApp]: Seems like Minecraft finished normally. Trying to locate terminated processes and Exiting Crash Assistant app.
